// Jest Snapshot v1, https://goo.gl/fbAQLP

exports[`HeroDetailCard should render component and match snapshot 1`] = `
<div>
  <div
    class="card"
  >
    <form>
      <div
        class="card-body"
      >
        <div
          class="form-inline"
        >
          <div
            class="form-group"
          >
            <label
              for="hero-id"
            >
              ID:
            </label>
            <span
              class="text-muted ml-3"
            >
              1
            </span>
          </div>
          <div
            class="form-group ml-3"
          >
            <label
              for="hero-name"
            >
              NAME:
            </label>
            <input
              class="form-control ml-3"
              id="hero-name"
              name="name"
              type="text"
              value="Test"
            />
          </div>
        </div>
      </div>
      <div
        class="card-footer text-right"
      >
        <button
          class="btn btn-light"
          type="button"
        >
          Back
        </button>
        <button
          class="btn btn-primary ml-3"
          type="submit"
        >
          SAVE
        </button>
      </div>
    </form>
  </div>
</div>
`;
