// Jest Snapshot v1, https://goo.gl/fbAQLP

exports[`Header should match snapshot 1`] = `
<div>
  <nav
    class="navbar navbar-expand-lg navbar-dark bg-dark"
  >
    <div
      class="container"
    >
      <a
        class="navbar-brand"
        href="/"
      >
        <img
          alt="Logo"
          src="logo192.png"
          style="max-height: 50px; margin-right: 1rem;"
          title="React Tour of Heroes"
        />
        Tour of Heroes React
      </a>
      <button
        aria-controls="basic-navbar-nav"
        aria-label="Toggle navigation"
        class="navbar-toggler collapsed"
        type="button"
      >
        <span
          class="navbar-toggler-icon"
        />
      </button>
      <div
        class="navbar-collapse collapse"
        id="basic-navbar-nav"
      >
        <div
          class="mr-auto navbar-nav"
        >
          <a
            aria-current="page"
            class="nav-link active"
            href="/"
          >
            Dashboard
          </a>
          <a
            class="nav-link"
            href="/heroes"
          >
            Heroes
          </a>
        </div>
      </div>
    </div>
  </nav>
</div>
`;
